// Jest Snapshot v1, https://goo.gl/fbAQLP

exports[`Helper text creates helper text with descriptions 1`] = `
"Usage

Available commands
   serve <path>
   - Serve a directory
   info 
   rm <...files>
   - Remove files

Required flags
   --flag-a [string]
   The first flag
   --flag-b [date]

Optional flags
   -c, --flag-c [boolean]
   -d, --flag-d [number]
   The fourth flag
"
`;

exports[`Helper text no configuration 1`] = `"Usage"`;
