// Jest Snapshot v1, https://goo.gl/fbAQLP

exports[`error handling catches error 1`] = `
[
  "Missing required option --foo",
  "Usage: my-app [command] <...flags>

Commands
   help
   - Print this help message

Required flags
   --foo [boolean]

Optional flags
   --help
   Print this help message",
]
`;

exports[`help calls help printer 1`] = `
"A brief description of my-cli

Usage: my-cli [command] <...flags>

Commands
   baz <arg>
   - Baz command
   help
   - Print this help message

Required flags
   -f, --foo [string]
   Foo option

Optional flags
   --bar [date]
   Foo option
   -h, --help
   Print this help message"
`;
