// Jest Snapshot v1, https://goo.gl/fbAQLP

exports[`help calls help printer 1`] = `
"A brief description of my-cli

Usage: my-cli [command] <...flags>

Commands
   baz <arg>
   - Baz command

Required flags
   -f, --foo [string]
   Foo option

Optional flags
   --bar [date]
   Foo option

To view this help message, run "my-cli help" or add --help or -h to any command"
`;
